{"level":"info","message":"Fetching all requisitions","params":{"limit":100,"page":1,"status":"submitted"},"service":"RequisitionService","timestamp":"2026-10-08 22:42:54"}
{"filter":{},"level":"info","limit":10,"message":"Fetching beds","page":1,"service":"BedService","timestamp":"2026-10-08 22:42:54"}
{"filters":{"hasAvailableBeds":false},"level":"info","message":"Fetching wards","service":"WardService","timestamp":"2026-10-08 22:42:54"}
{"level":"info","message":"Fetching dashboard stats [period=today, start=2026-10-08, end=2026-10-08]","service":"DashboardService","timestamp":"2026-10-08 22:42:54"}
{"endDate":"2026-10-08T23:59:59.999Z","level":"info","message":"Generating lab report","service":"ClinicalReportsService","startDate":"2026-10-08T00:00:00.000Z","timestamp":"2026-10-08 22:42:55"}
{"level":"info","message":"Generating scan report","service":"ClinicalReportsService","timestamp":"2026-10-08 22:42:55"}
{"filters":{"limit":50,"page":1},"level":"info","limit":50,"message":"Fetching bills","page":1,"service":"BillService","timestamp":"2026-10-08 22:42:55"}
{"level":"info","message":"Fetching corporate statistics","service":"CorporateService","timestamp":"2026-10-08 22:42:55"}
{"filters":{"limit":100,"page":1},"level":"info","message":"Searching patients","service":"PatientService","timestamp":"2026-10-08 22:42:55"}
{"level":"info","message":"Fetching all requisitions","params":{"limit":100,"page":1,"status":"submitted"},"service":"RequisitionService","timestamp":"2026-10-08 22:42:56"}
{"filters":{"hasAvailableBeds":false},"level":"info","message":"Fetching wards","service":"WardService","timestamp":"2026-10-08 22:42:56"}
{"filter":{},"level":"info","limit":10,"message":"Fetching beds","page":1,"service":"BedService","timestamp":"2026-10-08 22:42:56"}
{"filters":{"limit":"100","page":"1"},"level":"info","message":"Getting procedure templates","service":"ProcedureService","timestamp":"2026-10-08 22:43:42"}
{"filters":{"limit":100,"page":1},"level":"info","message":"Searching patients","service":"PatientService","timestamp":"2026-10-08 22:43:42"}
{"filters":{"limit":"100","page":"1"},"level":"info","message":"Getting procedure templates","service":"ProcedureService","timestamp":"2026-10-08 22:43:42"}
{"filters":{"limit":"100","page":"2"},"level":"info","message":"Getting procedure templates","service":"ProcedureService","timestamp":"2026-10-08 22:43:42"}
{"filters":{"limit":"100","page":"3"},"level":"info","message":"Getting procedure templates","service":"ProcedureService","timestamp":"2026-10-08 22:43:42"}
{"filters":{"limit":"100","page":"4"},"level":"info","message":"Getting procedure templates","service":"ProcedureService","timestamp":"2026-10-08 22:43:42"}
{"filters":{"limit":"100","page":"2"},"level":"info","message":"Getting procedure templates","service":"ProcedureService","timestamp":"2026-10-08 22:43:43"}
{"filters":{"limit":"100","page":"3"},"level":"info","message":"Getting procedure templates","service":"ProcedureService","timestamp":"2026-10-08 22:43:43"}
{"filters":{"limit":"100","page":"4"},"level":"info","message":"Getting procedure templates","service":"ProcedureService","timestamp":"2026-10-08 22:43:43"}
{"filters":{"limit":100,"page":1},"level":"info","message":"Searching patients","service":"PatientService","timestamp":"2026-10-08 22:45:59"}
{"filters":{"limit":100,"page":1},"level":"info","message":"Searching patients","service":"PatientService","timestamp":"2026-10-08 22:46:30"}
{"filters":{"limit":50,"page":1},"level":"info","limit":50,"message":"Fetching bills","page":1,"service":"BillService","timestamp":"2026-10-08 22:46:30"}
{"filters":{"limit":"100","page":"1"},"level":"info","message":"Getting procedure templates","service":"ProcedureService","timestamp":"2026-10-08 22:53:47"}
{"filters":{"limit":100,"page":1},"level":"info","message":"Searching patients","service":"PatientService","timestamp":"2026-10-08 22:53:47"}
{"filters":{"limit":"100","page":"1"},"level":"info","message":"Getting procedure templates","service":"ProcedureService","timestamp":"2026-10-08 22:53:47"}
{"filters":{"limit":"100","page":"2"},"level":"info","message":"Getting procedure templates","service":"ProcedureService","timestamp":"2026-10-08 22:53:47"}
{"filters":{"limit":"100","page":"3"},"level":"info","message":"Getting procedure templates","service":"ProcedureService","timestamp":"2026-10-08 22:53:47"}
{"filters":{"limit":"100","page":"4"},"level":"info","message":"Getting procedure templates","service":"ProcedureService","timestamp":"2026-10-08 22:53:47"}
{"filters":{"limit":"100","page":"4"},"level":"info","message":"Getting procedure templates","service":"ProcedureService","timestamp":"2026-10-08 22:53:47"}
{"filters":{"limit":"100","page":"2"},"level":"info","message":"Getting procedure templates","service":"ProcedureService","timestamp":"2026-10-08 22:53:47"}
{"filters":{"limit":"100","page":"3"},"level":"info","message":"Getting procedure templates","service":"ProcedureService","timestamp":"2026-10-08 22:53:47"}
{"level":"info","message":"Fetching all requisitions","params":{"limit":100,"page":1,"status":"submitted"},"service":"RequisitionService","timestamp":"2026-10-08 23:10:46"}
{"filter":{},"level":"info","limit":10,"message":"Fetching beds","page":1,"service":"BedService","timestamp":"2026-10-08 23:10:46"}
{"filters":{"hasAvailableBeds":false},"level":"info","message":"Fetching wards","service":"WardService","timestamp":"2026-10-08 23:10:46"}
{"level":"info","message":"Fetching dashboard stats [period=today, start=2026-10-08, end=2026-10-08]","service":"DashboardService","timestamp":"2026-10-08 23:10:46"}
{"endDate":"2026-10-08T23:59:59.999Z","level":"info","message":"Generating lab report","service":"ClinicalReportsService","startDate":"2026-10-08T00:00:00.000Z","timestamp":"2026-10-08 23:10:46"}
{"level":"info","message":"Generating scan report","service":"ClinicalReportsService","timestamp":"2026-10-08 23:10:46"}
{"filters":{"limit":50,"page":1},"level":"info","limit":50,"message":"Fetching bills","page":1,"service":"BillService","timestamp":"2026-10-08 23:10:46"}
{"level":"info","message":"Fetching corporate statistics","service":"CorporateService","timestamp":"2026-10-08 23:10:47"}
{"filters":{"limit":100,"page":1},"level":"info","message":"Searching patients","service":"PatientService","timestamp":"2026-10-08 23:10:47"}
{"level":"info","message":"Fetching all requisitions","params":{"limit":100,"page":1,"status":"submitted"},"service":"RequisitionService","timestamp":"2026-10-08 23:10:48"}
{"filters":{"hasAvailableBeds":false},"level":"info","message":"Fetching wards","service":"WardService","timestamp":"2026-10-08 23:10:48"}
{"filter":{},"level":"info","limit":10,"message":"Fetching beds","page":1,"service":"BedService","timestamp":"2026-10-08 23:10:48"}
{"level":"info","message":"Fetching dashboard stats [period=today, start=2026-10-08, end=2026-10-08]","service":"DashboardService","timestamp":"2026-10-08 23:17:58"}
{"endDate":"2026-10-08T23:59:59.999Z","level":"info","message":"Generating lab report","service":"ClinicalReportsService","startDate":"2026-10-08T00:00:00.000Z","timestamp":"2026-10-08 23:17:58"}
{"level":"info","message":"Generating scan report","service":"ClinicalReportsService","timestamp":"2026-10-08 23:17:58"}
{"filters":{"limit":50,"page":1},"level":"info","limit":50,"message":"Fetching bills","page":1,"service":"BillService","timestamp":"2026-10-08 23:17:58"}
{"level":"info","message":"Fetching corporate statistics","service":"CorporateService","timestamp":"2026-10-08 23:17:58"}
{"filters":{"limit":100,"page":1},"level":"info","message":"Searching patients","service":"PatientService","timestamp":"2026-10-08 23:17:58"}
{"level":"info","message":"Fetching all requisitions","params":{"limit":100,"page":1,"status":"submitted"},"service":"RequisitionService","timestamp":"2026-10-08 23:40:47"}
{"filters":{"limit":50,"page":1},"level":"info","limit":50,"message":"Fetching bills","page":1,"service":"BillService","timestamp":"2026-10-08 23:40:47"}
{"filter":{},"level":"info","limit":10,"message":"Fetching beds","page":1,"service":"BedService","timestamp":"2026-10-08 23:40:47"}
{"filters":{"hasAvailableBeds":false},"level":"info","message":"Fetching wards","service":"WardService","timestamp":"2026-10-08 23:40:47"}
{"level":"info","message":"Fetching dashboard stats [period=today, start=2026-10-08, end=2026-10-08]","service":"DashboardService","timestamp":"2026-10-08 23:40:48"}
{"endDate":"2026-10-08T23:59:59.999Z","level":"info","message":"Generating lab report","service":"ClinicalReportsService","startDate":"2026-10-08T00:00:00.000Z","timestamp":"2026-10-08 23:40:48"}
{"level":"info","message":"Generating scan report","service":"ClinicalReportsService","timestamp":"2026-10-08 23:40:48"}
{"level":"info","message":"Fetching corporate statistics","service":"CorporateService","timestamp":"2026-10-08 23:40:48"}
{"filters":{"limit":100,"page":1},"level":"info","message":"Searching patients","service":"PatientService","timestamp":"2026-10-08 23:40:48"}
{"level":"info","message":"Fetching all requisitions","params":{"limit":100,"page":1,"status":"submitted"},"service":"RequisitionService","timestamp":"2026-10-08 23:43:15"}
{"filter":{},"level":"info","limit":10,"message":"Fetching beds","page":1,"service":"BedService","timestamp":"2026-10-08 23:43:15"}
{"level":"info","message":"Fetching dashboard stats [period=today, start=2026-10-08, end=2026-10-08]","service":"DashboardService","timestamp":"2026-10-08 23:43:15"}
{"endDate":"2026-10-08T23:59:59.999Z","level":"info","message":"Generating lab report","service":"ClinicalReportsService","startDate":"2026-10-08T00:00:00.000Z","timestamp":"2026-10-08 23:43:15"}
{"level":"info","message":"Generating scan report","service":"ClinicalReportsService","timestamp":"2026-10-08 23:43:15"}
{"filters":{"limit":50,"page":1},"level":"info","limit":50,"message":"Fetching bills","page":1,"service":"BillService","timestamp":"2026-10-08 23:43:15"}
{"level":"info","message":"Fetching corporate statistics","service":"CorporateService","timestamp":"2026-10-08 23:43:15"}
{"filters":{"limit":100,"page":1},"level":"info","message":"Searching patients","service":"PatientService","timestamp":"2026-10-08 23:43:15"}
{"level":"info","message":"Fetching dashboard stats [period=week, start=2026-10-04, end=2026-10-10]","service":"DashboardService","timestamp":"2026-10-08 23:46:50"}
{"filters":{"limit":50,"page":1},"level":"info","limit":50,"message":"Fetching bills","page":1,"service":"BillService","timestamp":"2026-10-08 23:46:50"}
{"endDate":"2026-10-08T23:59:59.999Z","level":"info","message":"Generating lab report","service":"ClinicalReportsService","startDate":"2026-10-08T00:00:00.000Z","timestamp":"2026-10-08 23:46:50"}
{"level":"info","message":"Generating scan report","service":"ClinicalReportsService","timestamp":"2026-10-08 23:46:50"}
{"level":"info","message":"Fetching corporate statistics","service":"CorporateService","timestamp":"2026-10-08 23:46:50"}
{"filters":{"limit":100,"page":1},"level":"info","message":"Searching patients","service":"PatientService","timestamp":"2026-10-08 23:46:50"}
{"level":"info","message":"Fetching dashboard stats [period=month, start=2026-10-01, end=2026-10-31]","service":"DashboardService","timestamp":"2026-10-08 23:46:50"}
{"filters":{"limit":50,"page":1},"level":"info","limit":50,"message":"Fetching bills","page":1,"service":"BillService","timestamp":"2026-10-08 23:46:50"}
{"level":"info","message":"Fetching corporate statistics","service":"CorporateService","timestamp":"2026-10-08 23:46:51"}
{"filters":{"limit":100,"page":1},"level":"info","message":"Searching patients","service":"PatientService","timestamp":"2026-10-08 23:46:51"}
{"filter":{},"level":"info","limit":10,"message":"Fetching beds","page":1,"service":"BedService","timestamp":"2026-10-08 23:47:09"}
{"level":"info","message":"Fetching all requisitions","params":{"limit":100,"page":1,"status":"submitted"},"service":"RequisitionService","timestamp":"2026-10-08 23:47:09"}
{"level":"info","message":"Fetching dashboard stats [period=today, start=2026-10-08, end=2026-10-08]","service":"DashboardService","timestamp":"2026-10-08 23:47:09"}
{"filters":{"limit":50,"page":1},"level":"info","limit":50,"message":"Fetching bills","page":1,"service":"BillService","timestamp":"2026-10-08 23:47:09"}
{"level":"info","message":"Fetching corporate statistics","service":"CorporateService","timestamp":"2026-10-08 23:47:09"}
{"filters":{"limit":100,"page":1},"level":"info","message":"Searching patients","service":"PatientService","timestamp":"2026-10-08 23:47:09"}
{"level":"info","message":"Fetching all requisitions","params":{"limit":100,"page":1,"status":"submitted"},"service":"RequisitionService","timestamp":"2026-10-08 23:47:09"}
{"filter":{},"level":"info","limit":10,"message":"Fetching beds","page":1,"service":"BedService","timestamp":"2026-10-08 23:47:09"}
{"filters":{"limit":50,"page":1},"level":"info","limit":50,"message":"Fetching bills","page":1,"service":"BillService","timestamp":"2026-10-08 23:47:09"}
{"filters":{"limit":100,"page":1},"level":"info","message":"Searching patients","service":"PatientService","timestamp":"2026-10-08 23:47:09"}
{"level":"info","message":"Fetching corporate statistics","service":"CorporateService","timestamp":"2026-10-08 23:47:09"}
{"level":"info","message":"Fetching dashboard stats [period=week, start=2026-10-04, end=2026-10-10]","service":"DashboardService","timestamp":"2026-10-08 23:47:16"}
{"filters":{"limit":50,"page":1},"level":"info","limit":50,"message":"Fetching bills","page":1,"service":"BillService","timestamp":"2026-10-08 23:47:16"}
{"level":"info","message":"Fetching corporate statistics","service":"CorporateService","timestamp":"2026-10-08 23:47:16"}
{"filters":{"limit":100,"page":1},"level":"info","message":"Searching patients","service":"PatientService","timestamp":"2026-10-08 23:47:16"}
{"level":"info","message":"Fetching dashboard stats [period=month, start=2026-10-01, end=2026-10-31]","service":"DashboardService","timestamp":"2026-10-08 23:47:17"}
{"filters":{"limit":50,"page":1},"level":"info","limit":50,"message":"Fetching bills","page":1,"service":"BillService","timestamp":"2026-10-08 23:47:17"}
{"level":"info","message":"Fetching corporate statistics","service":"CorporateService","timestamp":"2026-10-08 23:47:17"}
{"filters":{"limit":100,"page":1},"level":"info","message":"Searching patients","service":"PatientService","timestamp":"2026-10-08 23:47:17"}
{"level":"info","message":"Fetching all requisitions","params":{"limit":100,"page":1,"status":"submitted"},"service":"RequisitionService","timestamp":"2026-10-08 23:47:21"}
{"filter":{},"level":"info","limit":10,"message":"Fetching beds","page":1,"service":"BedService","timestamp":"2026-10-08 23:47:21"}
{"filters":{"limit":50,"page":1},"level":"info","limit":50,"message":"Fetching bills","page":1,"service":"BillService","timestamp":"2026-10-08 23:47:21"}
{"filter":{},"level":"info","limit":10,"message":"Fetching beds","page":1,"service":"BedService","timestamp":"2026-10-08 23:47:21"}
{"level":"info","message":"Fetching corporate statistics","service":"CorporateService","timestamp":"2026-10-08 23:47:21"}
{"filters":{"limit":50,"page":1},"level":"info","limit":50,"message":"Fetching bills","page":1,"service":"BillService","timestamp":"2026-10-08 23:47:21"}
{"filters":{"limit":100,"page":1},"level":"info","message":"Searching patients","service":"PatientService","timestamp":"2026-10-08 23:47:21"}
{"level":"info","message":"Fetching all requisitions","params":{"limit":100,"page":1,"status":"submitted"},"service":"RequisitionService","timestamp":"2026-10-08 23:47:21"}
{"level":"info","message":"Fetching corporate statistics","service":"CorporateService","timestamp":"2026-10-08 23:47:21"}
{"filters":{"limit":100,"page":1},"level":"info","message":"Searching patients","service":"PatientService","timestamp":"2026-10-08 23:47:21"}
{"filters":{"limit":50,"page":1},"level":"info","limit":50,"message":"Fetching bills","page":1,"service":"BillService","timestamp":"2026-10-08 23:47:31"}
{"level":"info","message":"Fetching corporate statistics","service":"CorporateService","timestamp":"2026-10-08 23:47:31"}
{"filters":{"limit":100,"page":1},"level":"info","message":"Searching patients","service":"PatientService","timestamp":"2026-10-08 23:47:31"}
{"filters":{"limit":50,"page":1},"level":"info","limit":50,"message":"Fetching bills","page":1,"service":"BillService","timestamp":"2026-10-08 23:47:31"}
{"level":"info","message":"Fetching corporate statistics","service":"CorporateService","timestamp":"2026-10-08 23:47:31"}
{"filters":{"limit":100,"page":1},"level":"info","message":"Searching patients","service":"PatientService","timestamp":"2026-10-08 23:47:31"}
{"level":"info","message":"Fetching dashboard stats [period=month, start=2026-10-01, end=2026-10-31]","service":"DashboardService","timestamp":"2026-10-08 23:47:32"}
{"filters":{"limit":50,"page":1},"level":"info","limit":50,"message":"Fetching bills","page":1,"service":"BillService","timestamp":"2026-10-08 23:47:32"}
{"level":"info","message":"Fetching corporate statistics","service":"CorporateService","timestamp":"2026-10-08 23:47:32"}
{"filters":{"limit":100,"page":1},"level":"info","message":"Searching patients","service":"PatientService","timestamp":"2026-10-08 23:47:32"}
{"level":"info","message":"Fetching all requisitions","params":{"limit":100,"page":1,"status":"submitted"},"service":"RequisitionService","timestamp":"2026-10-08 23:47:47"}
{"filter":{},"level":"info","limit":10,"message":"Fetching beds","page":1,"service":"BedService","timestamp":"2026-10-08 23:47:47"}
{"level":"info","message":"Fetching dashboard stats [period=today, start=2026-10-08, end=2026-10-08]","service":"DashboardService","timestamp":"2026-10-08 23:47:47"}
{"filters":{"limit":50,"page":1},"level":"info","limit":50,"message":"Fetching bills","page":1,"service":"BillService","timestamp":"2026-10-08 23:47:47"}
{"level":"info","message":"Fetching corporate statistics","service":"CorporateService","timestamp":"2026-10-08 23:47:47"}
{"filters":{"limit":100,"page":1},"level":"info","message":"Searching patients","service":"PatientService","timestamp":"2026-10-08 23:47:47"}
{"level":"info","message":"Fetching all requisitions","params":{"limit":100,"page":1,"status":"submitted"},"service":"RequisitionService","timestamp":"2026-10-08 23:47:47"}
{"filter":{},"level":"info","limit":10,"message":"Fetching beds","page":1,"service":"BedService","timestamp":"2026-10-08 23:47:47"}
{"filters":{"limit":50,"page":1},"level":"info","limit":50,"message":"Fetching bills","page":1,"service":"BillService","timestamp":"2026-10-08 23:47:47"}
{"level":"info","message":"Fetching corporate statistics","service":"CorporateService","timestamp":"2026-10-08 23:47:47"}
{"filters":{"limit":100,"page":1},"level":"info","message":"Searching patients","service":"PatientService","timestamp":"2026-10-08 23:47:47"}
{"filters":{"dateFrom":"2026-10-01T00:00:00.000Z","dateTo":"2026-10-08T23:59:59.999Z","limit":100,"page":1},"level":"info","limit":100,"message":"Fetching bills","page":1,"service":"BillService","timestamp":"2026-10-08 23:48:24"}
{"filters":{"limit":100,"page":1},"level":"info","message":"Searching patients","service":"PatientService","timestamp":"2026-10-08 23:48:24"}
{"level":"info","message":"Fetching bill statistics","service":"BillService","timestamp":"2026-10-08 23:48:24"}
{"level":"info","message":"Fetching bill statistics","service":"BillService","timestamp":"2026-10-08 23:48:24"}
{"filters":{"limit":50,"page":1,"patientId":"cmv03jq7a09uxw16kbpqaby42"},"level":"info","limit":50,"message":"Fetching bills","page":1,"service":"BillService","timestamp":"2026-10-08 23:48:27"}
{"filters":{"limit":100,"page":1},"level":"info","message":"Searching patients","service":"PatientService","timestamp":"2026-10-08 23:49:21"}
{"level":"info","message":"Fetching all requisitions","params":{"limit":100,"page":1,"status":"submitted"},"service":"RequisitionService","timestamp":"2026-10-08 23:49:51"}
{"filter":{},"level":"info","limit":10,"message":"Fetching beds","page":1,"service":"BedService","timestamp":"2026-10-08 23:49:51"}
{"level":"info","message":"Fetching dashboard stats [period=today, start=2026-10-08, end=2026-10-08]","service":"DashboardService","timestamp":"2026-10-08 23:49:51"}
{"endDate":"2026-10-08T23:59:59.999Z","level":"info","message":"Generating lab report","service":"ClinicalReportsService","startDate":"2026-10-08T00:00:00.000Z","timestamp":"2026-10-08 23:49:51"}
{"level":"info","message":"Generating scan report","service":"ClinicalReportsService","timestamp":"2026-10-08 23:49:51"}
{"filters":{"limit":50,"page":1},"level":"info","limit":50,"message":"Fetching bills","page":1,"service":"BillService","timestamp":"2026-10-08 23:49:51"}
{"level":"info","message":"Fetching corporate statistics","service":"CorporateService","timestamp":"2026-10-08 23:49:51"}
{"filters":{"limit":100,"page":1},"level":"info","message":"Searching patients","service":"PatientService","timestamp":"2026-10-08 23:49:51"}
{"filters":{"limit":50,"page":1},"level":"info","limit":50,"message":"Fetching bills","page":1,"service":"BillService","timestamp":"2026-10-08 23:49:51"}
{"filter":{},"level":"info","limit":10,"message":"Fetching beds","page":1,"service":"BedService","timestamp":"2026-10-08 23:49:51"}
{"level":"info","message":"Fetching all requisitions","params":{"limit":100,"page":1,"status":"submitted"},"service":"RequisitionService","timestamp":"2026-10-08 23:49:51"}
{"level":"info","message":"Fetching corporate statistics","service":"CorporateService","timestamp":"2026-10-08 23:49:51"}
{"filters":{"limit":100,"page":1},"level":"info","message":"Searching patients","service":"PatientService","timestamp":"2026-10-08 23:49:51"}
{"filters":{"limit":100,"page":1},"level":"info","message":"Searching patients","service":"PatientService","timestamp":"2026-10-08 23:50:38"}
{"level":"info","message":"Fetching all requisitions","params":{"limit":100,"page":1,"status":"submitted"},"service":"RequisitionService","timestamp":"2026-10-08 23:55:59"}
{"filter":{},"level":"info","limit":10,"message":"Fetching beds","page":1,"service":"BedService","timestamp":"2026-10-08 23:55:59"}
{"level":"info","message":"Fetching dashboard stats [period=today, start=2026-10-08, end=2026-10-08]","service":"DashboardService","timestamp":"2026-10-08 23:55:59"}
{"filters":{"limit":50,"page":1},"level":"info","limit":50,"message":"Fetching bills","page":1,"service":"BillService","timestamp":"2026-10-08 23:55:59"}
{"endDate":"2026-10-08T23:59:59.999Z","level":"info","message":"Generating lab report","service":"ClinicalReportsService","startDate":"2026-10-08T00:00:00.000Z","timestamp":"2026-10-08 23:55:59"}
{"level":"info","message":"Generating scan report","service":"ClinicalReportsService","timestamp":"2026-10-08 23:55:59"}
{"level":"info","message":"Fetching corporate statistics","service":"CorporateService","timestamp":"2026-10-08 23:55:59"}
{"filters":{"limit":100,"page":1},"level":"info","message":"Searching patients","service":"PatientService","timestamp":"2026-10-08 23:55:59"}
{"filters":{"limit":50,"page":1},"level":"info","limit":50,"message":"Fetching bills","page":1,"service":"BillService","timestamp":"2026-10-08 23:55:59"}
{"filter":{},"level":"info","limit":10,"message":"Fetching beds","page":1,"service":"BedService","timestamp":"2026-10-08 23:55:59"}
{"level":"info","message":"Fetching all requisitions","params":{"limit":100,"page":1,"status":"submitted"},"service":"RequisitionService","timestamp":"2026-10-08 23:55:59"}
{"level":"info","message":"Fetching corporate statistics","service":"CorporateService","timestamp":"2026-10-08 23:55:59"}
{"filters":{"limit":100,"page":1},"level":"info","message":"Searching patients","service":"PatientService","timestamp":"2026-10-08 23:55:59"}
{"filters":{"limit":100,"page":1},"level":"info","message":"Searching patients","service":"PatientService","timestamp":"2026-10-08 23:56:14"}
{"filters":{"limit":100,"page":1},"level":"info","message":"Searching patients","service":"PatientService","timestamp":"2026-10-08 23:56:16"}
{"level":"info","message":"Fetching all requisitions","params":{"limit":100,"page":1,"status":"submitted"},"service":"RequisitionService","timestamp":"2026-10-08 23:59:27"}
{"filter":{},"level":"info","limit":10,"message":"Fetching beds","page":1,"service":"BedService","timestamp":"2026-10-08 23:59:27"}
{"level":"info","message":"Fetching dashboard stats [period=today, start=2026-10-08, end=2026-10-08]","service":"DashboardService","timestamp":"2026-10-08 23:59:27"}
{"endDate":"2026-10-08T23:59:59.999Z","level":"info","message":"Generating lab report","service":"ClinicalReportsService","startDate":"2026-10-08T00:00:00.000Z","timestamp":"2026-10-08 23:59:27"}
{"level":"info","message":"Generating scan report","service":"ClinicalReportsService","timestamp":"2026-10-08 23:59:27"}
{"filters":{"limit":50,"page":1},"level":"info","limit":50,"message":"Fetching bills","page":1,"service":"BillService","timestamp":"2026-10-08 23:59:27"}
{"filters":{"limit":50,"page":1},"level":"info","limit":50,"message":"Fetching bills","page":1,"service":"BillService","timestamp":"2026-10-08 23:59:27"}
{"level":"info","message":"Fetching corporate statistics","service":"CorporateService","timestamp":"2026-10-08 23:59:27"}
{"filters":{"limit":100,"page":1},"level":"info","message":"Searching patients","service":"PatientService","timestamp":"2026-10-08 23:59:27"}
{"level":"info","message":"Fetching all requisitions","params":{"limit":100,"page":1,"status":"submitted"},"service":"RequisitionService","timestamp":"2026-10-08 23:59:27"}
{"filter":{},"level":"info","limit":10,"message":"Fetching beds","page":1,"service":"BedService","timestamp":"2026-10-08 23:59:27"}
{"level":"info","message":"Fetching corporate statistics","service":"CorporateService","timestamp":"2026-10-08 23:59:28"}
{"filters":{"limit":100,"page":1},"level":"info","message":"Searching patients","service":"PatientService","timestamp":"2026-10-08 23:59:28"}
{"level":"info","message":"Fetching all requisitions","params":{"limit":100,"page":1,"status":"submitted"},"service":"RequisitionService","timestamp":"2026-10-08 23:59:45"}
{"filter":{},"level":"info","limit":10,"message":"Fetching beds","page":1,"service":"BedService","timestamp":"2026-10-08 23:59:45"}
{"level":"info","message":"Fetching dashboard stats [period=today, start=2026-10-08, end=2026-10-08]","service":"DashboardService","timestamp":"2026-10-08 23:59:45"}
{"filters":{"limit":50,"page":1},"level":"info","limit":50,"message":"Fetching bills","page":1,"service":"BillService","timestamp":"2026-10-08 23:59:45"}
{"level":"info","message":"Fetching corporate statistics","service":"CorporateService","timestamp":"2026-10-08 23:59:45"}
{"filters":{"limit":100,"page":1},"level":"info","message":"Searching patients","service":"PatientService","timestamp":"2026-10-08 23:59:45"}
{"filter":{},"level":"info","limit":10,"message":"Fetching beds","page":1,"service":"BedService","timestamp":"2026-10-08 23:59:45"}
{"level":"info","message":"Fetching all requisitions","params":{"limit":100,"page":1,"status":"submitted"},"service":"RequisitionService","timestamp":"2026-10-08 23:59:45"}
{"filters":{"limit":50,"page":1},"level":"info","limit":50,"message":"Fetching bills","page":1,"service":"BillService","timestamp":"2026-10-08 23:59:45"}
{"level":"info","message":"Fetching corporate statistics","service":"CorporateService","timestamp":"2026-10-08 23:59:45"}
{"filters":{"limit":100,"page":1},"level":"info","message":"Searching patients","service":"PatientService","timestamp":"2026-10-08 23:59:45"}
{"filters":{"limit":"100","page":"1"},"level":"info","message":"Getting procedure templates","service":"ProcedureService","timestamp":"2026-10-09 00:04:25"}
{"filters":{"limit":100,"page":1},"level":"info","message":"Searching patients","service":"PatientService","timestamp":"2026-10-09 00:04:25"}
{"filters":{"limit":"100","page":"1"},"level":"info","message":"Getting procedure templates","service":"ProcedureService","timestamp":"2026-10-09 00:04:26"}
{"filters":{"limit":"100","page":"2"},"level":"info","message":"Getting procedure templates","service":"ProcedureService","timestamp":"2026-10-09 00:04:26"}
{"filters":{"limit":"100","page":"3"},"level":"info","message":"Getting procedure templates","service":"ProcedureService","timestamp":"2026-10-09 00:04:26"}
{"filters":{"limit":"100","page":"4"},"level":"info","message":"Getting procedure templates","service":"ProcedureService","timestamp":"2026-10-09 00:04:26"}
{"filters":{"limit":"100","page":"2"},"level":"info","message":"Getting procedure templates","service":"ProcedureService","timestamp":"2026-10-09 00:04:26"}
{"filters":{"limit":"100","page":"3"},"level":"info","message":"Getting procedure templates","service":"ProcedureService","timestamp":"2026-10-09 00:04:26"}
{"filters":{"limit":"100","page":"4"},"level":"info","message":"Getting procedure templates","service":"ProcedureService","timestamp":"2026-10-09 00:04:26"}
{"level":"info","message":"Fetching all requisitions","params":{"limit":200,"page":1},"service":"RequisitionService","timestamp":"2026-10-09 00:04:46"}
{"filters":{"hasAvailableBeds":false},"level":"info","message":"Fetching wards","service":"WardService","timestamp":"2026-10-09 00:04:46"}
{"level":"info","message":"Fetching all requisitions","params":{"limit":200,"page":1},"service":"RequisitionService","timestamp":"2026-10-09 00:04:46"}
{"filters":{"hasAvailableBeds":false},"level":"info","message":"Fetching wards","service":"WardService","timestamp":"2026-10-09 00:04:46"}
{"filters":{"hasAvailableBeds":false},"level":"info","message":"Fetching wards","service":"WardService","timestamp":"2026-10-09 00:04:53"}
{"filter":{},"level":"info","limit":10,"message":"Fetching beds","page":1,"service":"BedService","timestamp":"2026-10-09 00:04:53"}
{"filters":{"hasAvailableBeds":false},"level":"info","message":"Fetching wards","service":"WardService","timestamp":"2026-10-09 00:04:53"}
{"filter":{},"level":"info","limit":10,"message":"Fetching beds","page":1,"service":"BedService","timestamp":"2026-10-09 00:04:53"}
{"filters":{"hasAvailableBeds":false},"level":"info","message":"Fetching wards","service":"WardService","timestamp":"2026-10-09 00:07:15"}
{"filter":{},"level":"info","limit":10,"message":"Fetching beds","page":1,"service":"BedService","timestamp":"2026-10-09 00:07:15"}
{"filters":{"hasAvailableBeds":false},"level":"info","message":"Fetching wards","service":"WardService","timestamp":"2026-10-09 00:09:38"}
{"filter":{},"level":"info","limit":10,"message":"Fetching beds","page":1,"service":"BedService","timestamp":"2026-10-09 00:09:38"}
{"filters":{"hasAvailableBeds":false},"level":"info","message":"Fetching wards","service":"WardService","timestamp":"2026-10-09 00:09:48"}
{"filter":{},"level":"info","limit":10,"message":"Fetching beds","page":1,"service":"BedService","timestamp":"2026-10-09 00:09:48"}
{"filters":{"hasAvailableBeds":false},"level":"info","message":"Fetching wards","service":"WardService","timestamp":"2026-10-09 00:10:20"}
{"filter":{},"level":"info","limit":10,"message":"Fetching beds","page":1,"service":"BedService","timestamp":"2026-10-09 00:10:20"}
{"filters":{"limit":100,"page":1},"level":"info","message":"Searching patients","service":"PatientService","timestamp":"2026-10-09 00:15:43"}
{"created":8,"intervalHours":12,"level":"info","medicationId":"cmv07syy40001w1dwqj0zp3r9","message":"Materialized medication doses","requiredDoses":8,"service":"NursingService","timestamp":"2026-10-09 00:16:11"}
{"filters":{"limit":100,"page":1},"level":"info","message":"Searching patients","service":"PatientService","timestamp":"2026-10-09 00:16:16"}
{"filters":{"limit":100,"page":1},"level":"info","message":"Searching patients","service":"PatientService","timestamp":"2026-10-09 00:18:05"}
{"level":"info","message":"Fetching all requisitions","params":{"limit":100,"page":1,"status":"submitted"},"service":"RequisitionService","timestamp":"2026-10-09 00:56:58"}
{"filter":{},"level":"info","limit":10,"message":"Fetching beds","page":1,"service":"BedService","timestamp":"2026-10-09 00:56:58"}
{"level":"info","message":"Fetching dashboard stats [period=today, start=2026-10-09, end=2026-10-09]","service":"DashboardService","timestamp":"2026-10-09 00:56:58"}
{"endDate":"2026-10-09T23:59:59.999Z","level":"info","message":"Generating lab report","service":"ClinicalReportsService","startDate":"2026-10-09T00:00:00.000Z","timestamp":"2026-10-09 00:56:58"}
{"level":"info","message":"Generating scan report","service":"ClinicalReportsService","timestamp":"2026-10-09 00:56:58"}
{"filters":{"limit":50,"page":1},"level":"info","limit":50,"message":"Fetching bills","page":1,"service":"BillService","timestamp":"2026-10-09 00:56:58"}
{"level":"info","message":"Fetching corporate statistics","service":"CorporateService","timestamp":"2026-10-09 00:56:58"}
{"filters":{"limit":100,"page":1},"level":"info","message":"Searching patients","service":"PatientService","timestamp":"2026-10-09 00:56:58"}
{"filters":{"limit":50,"page":1},"level":"info","limit":50,"message":"Fetching bills","page":1,"service":"BillService","timestamp":"2026-10-09 00:56:58"}
{"level":"info","message":"Fetching all requisitions","params":{"limit":100,"page":1,"status":"submitted"},"service":"RequisitionService","timestamp":"2026-10-09 00:56:58"}
{"filter":{},"level":"info","limit":10,"message":"Fetching beds","page":1,"service":"BedService","timestamp":"2026-10-09 00:56:59"}
{"filters":{"limit":100,"page":1},"level":"info","message":"Searching patients","service":"PatientService","timestamp":"2026-10-09 00:56:59"}
{"level":"info","message":"Fetching corporate statistics","service":"CorporateService","timestamp":"2026-10-09 00:56:59"}
{"filters":{"limit":100,"page":1},"level":"info","message":"Searching patients","service":"PatientService","timestamp":"2026-10-09 00:57:05"}
{"filters":{"hasAvailableBeds":false},"level":"info","message":"Fetching wards","service":"WardService","timestamp":"2026-10-09 00:57:12"}
{"filter":{},"level":"info","limit":10,"message":"Fetching beds","page":1,"service":"BedService","timestamp":"2026-10-09 00:57:12"}
{"filters":{"hasAvailableBeds":false},"level":"info","message":"Fetching wards","service":"WardService","timestamp":"2026-10-09 00:57:12"}
{"filter":{},"level":"info","limit":10,"message":"Fetching beds","page":1,"service":"BedService","timestamp":"2026-10-09 00:57:12"}
